// Jest Snapshot v1, https://goo.gl/fbAQLP

exports[`Test <AddVendorContainer /> component should render AddVendorContainer correctly with theme 1`] = `
<div
  className="sc-htpNat bQuluY"
/>
`;
